Archive member included to satisfy reference by file (symbol)

/home/evan-matteson/.arduino15/packages/arduino/tools/arm-none-eabi-gcc/7-2017q4/bin/../lib/gcc/arm-none-eabi/7.2.1/../../../../arm-none-eabi/lib/thumb/v6-m/libc_nano.a(lib_a-exit.o)
                              /home/evan-matteson/.arduino15/packages/arduino/tools/arm-none-eabi-gcc/7-2017q4/bin/../lib/gcc/arm-none-eabi/7.2.1/../../../../arm-none-eabi/lib/thumb/v6-m/crt0.o (exit)
/home/evan-matteson/.arduino15/packages/arduino/tools/arm-none-eabi-gcc/7-2017q4/bin/../lib/gcc/arm-none-eabi/7.2.1/../../../../arm-none-eabi/lib/thumb/v6-m/libc_nano.a(lib_a-impure.o)
                              /home/evan-matteson/.arduino15/packages/arduino/tools/arm-none-eabi-gcc/7-2017q4/bin/../lib/gcc/arm-none-eabi/7.2.1/../../../../arm-none-eabi/lib/thumb/v6-m/libc_nano.a(lib_a-exit.o) (_global_impure_ptr)
/home/evan-matteson/.arduino15/packages/arduino/tools/arm-none-eabi-gcc/7-2017q4/bin/../lib/gcc/arm-none-eabi/7.2.1/../../../../arm-none-eabi/lib/thumb/v6-m/libc_nano.a(lib_a-init.o)
                              /home/evan-matteson/.arduino15/packages/arduino/tools/arm-none-eabi-gcc/7-2017q4/bin/../lib/gcc/arm-none-eabi/7.2.1/../../../../arm-none-eabi/lib/thumb/v6-m/crt0.o (__libc_init_array)
/home/evan-matteson/.arduino15/packages/arduino/tools/arm-none-eabi-gcc/7-2017q4/bin/../lib/gcc/arm-none-eabi/7.2.1/../../../../arm-none-eabi/lib/thumb/v6-m/libc_nano.a(lib_a-memcpy-stub.o)
                              build/board_driver_usb.o (memcpy)
/home/evan-matteson/.arduino15/packages/arduino/tools/arm-none-eabi-gcc/7-2017q4/bin/../lib/gcc/arm-none-eabi/7.2.1/../../../../arm-none-eabi/lib/thumb/v6-m/libc_nano.a(lib_a-memset.o)
                              /home/evan-matteson/.arduino15/packages/arduino/tools/arm-none-eabi-gcc/7-2017q4/bin/../lib/gcc/arm-none-eabi/7.2.1/../../../../arm-none-eabi/lib/thumb/v6-m/crt0.o (memset)
/home/evan-matteson/.arduino15/packages/arduino/tools/arm-none-eabi-gcc/7-2017q4/bin/../lib/gcc/arm-none-eabi/7.2.1/../../../../arm-none-eabi/lib/thumb/v6-m/libc_nano.a(lib_a-strlen.o)
                              build/sam_ba_usb.o (strlen)
/home/evan-matteson/.arduino15/packages/arduino/tools/arm-none-eabi-gcc/7-2017q4/bin/../lib/gcc/arm-none-eabi/7.2.1/../../../../arm-none-eabi/lib/thumb/v6-m/libnosys.a(_exit.o)
                              /home/evan-matteson/.arduino15/packages/arduino/tools/arm-none-eabi-gcc/7-2017q4/bin/../lib/gcc/arm-none-eabi/7.2.1/../../../../arm-none-eabi/lib/thumb/v6-m/libc_nano.a(lib_a-exit.o) (_exit)

Allocating common symbols
Common symbol       size              file

b_sharp_received    0x1               build/sam_ba_serial.o
udd_ep_out_cache_buffer
                    0x80              build/board_driver_usb.o
j                   0x1               build/sam_ba_monitor.o
udd_ep_in_cache_buffer
                    0x80              build/board_driver_usb.o
idx_rx_write        0x1               build/sam_ba_serial.o
size_of_data        0x2               build/sam_ba_serial.o
length              0x4               build/sam_ba_monitor.o
ptr                 0x4               build/sam_ba_monitor.o
command             0x1               build/sam_ba_monitor.o
pulSketch_Start_Address
                    0x4               build/main.o
MAX_FLASH           0x4               build/sam_ba_monitor.o
PAGES               0x4               build/sam_ba_monitor.o
idx_tx_read         0x1               build/sam_ba_serial.o
i                   0x4               build/sam_ba_monitor.o
buffer_tx_usart     0x80              build/sam_ba_serial.o
sam_ba_cdc          0xc               build/sam_ba_usb.o
error_timeout       0x1               build/sam_ba_serial.o
usb_endpoint_table  0x80              build/board_driver_usb.o
PAGE_SIZE           0x4               build/sam_ba_monitor.o
data                0x40              build/sam_ba_monitor.o
mode_of_transfer    0x1               build/sam_ba_serial.o
ptr_data            0x4               build/sam_ba_monitor.o
idx_rx_read         0x1               build/sam_ba_serial.o
ptr_monitor_if      0x4               build/sam_ba_monitor.o
sp                  0x4               build/sam_ba_monitor.o
current_number      0x4               build/sam_ba_monitor.o
idx_tx_write        0x1               build/sam_ba_serial.o
u32tmp              0x4               build/sam_ba_monitor.o
buffer_rx_usart     0x80              build/sam_ba_serial.o

Discarded input sections

 .text          0x0000000000000000        0x0 /home/evan-matteson/.arduino15/packages/arduino/tools/arm-none-eabi-gcc/7-2017q4/bin/../lib/gcc/arm-none-eabi/7.2.1/thumb/v6-m/crti.o
 .data          0x0000000000000000        0x0 /home/evan-matteson/.arduino15/packages/arduino/tools/arm-none-eabi-gcc/7-2017q4/bin/../lib/gcc/arm-none-eabi/7.2.1/thumb/v6-m/crti.o
[...]
Memory Configuration

Name             Origin             Length             Attributes
FLASH            0x0000000000000000 0x0000000000002000 xr
RAM              0x0000000020000000 0x0000000000007c00 xrw
*default*        0x0000000000000000 0xffffffffffffffff

Linker script and memory map

LOAD /home/evan-matteson/.arduino15/packages/arduino/tools/arm-none-eabi-gcc/7-2017q4/bin/../lib/gcc/arm-none-eabi/7.2.1/thumb/v6-m/crti.o
LOAD /home/evan-matteson/.arduino15/packages/arduino/tools/arm-none-eabi-gcc/7-2017q4/bin/../lib/gcc/arm-none-eabi/7.2.1/thumb/v6-m/crtbegin.o
LOAD /home/evan-matteson/.arduino15/packages/arduino/tools/arm-none-eabi-gcc/7-2017q4/bin/../lib/gcc/arm-none-eabi/7.2.1/../../../../arm-none-eabi/lib/thumb/v6-m/crt0.o
START GROUP
LOAD build/board_driver_i2c.o
LOAD build/board_driver_led.o
LOAD build/board_driver_pmic.o
LOAD build/board_driver_jtag.o
LOAD build/board_driver_serial.o
LOAD build/board_driver_usb.o
LOAD build/board_init.o
LOAD build/board_startup.o
LOAD build/main.o
LOAD build/sam_ba_usb.o
LOAD build/sam_ba_cdc.o
LOAD build/sam_ba_monitor.o
LOAD build/sam_ba_serial.o
LOAD /home/evan-matteson/.arduino15/packages/arduino/tools/arm-none-eabi-gcc/7-2017q4/bin/../lib/gcc/arm-none-eabi/7.2.1/../../../../arm-none-eabi/lib/thumb/v6-m/libm.a
END GROUP
START GROUP
LOAD /home/evan-matteson/.arduino15/packages/arduino/tools/arm-none-eabi-gcc/7-2017q4/bin/../lib/gcc/arm-none-eabi/7.2.1/thumb/v6-m/libgcc.a
LOAD /home/evan-matteson/.arduino15/packages/arduino/tools/arm-none-eabi-gcc/7-2017q4/bin/../lib/gcc/arm-none-eabi/7.2.1/../../../../arm-none-eabi/lib/thumb/v6-m/libc_nano.a
END GROUP
START GROUP
LOAD /home/evan-matteson/.arduino15/packages/arduino/tools/arm-none-eabi-gcc/7-2017q4/bin/../lib/gcc/arm-none-eabi/7.2.1/thumb/v6-m/libgcc.a
LOAD /home/evan-matteson/.arduino15/packages/arduino/tools/arm-none-eabi-gcc/7-2017q4/bin/../lib/gcc/arm-none-eabi/7.2.1/../../../../arm-none-eabi/lib/thumb/v6-m/libc_nano.a
LOAD /home/evan-matteson/.arduino15/packages/arduino/tools/arm-none-eabi-gcc/7-2017q4/bin/../lib/gcc/arm-none-eabi/7.2.1/../../../../arm-none-eabi/lib/thumb/v6-m/libnosys.a
END GROUP
START GROUP
LOAD /home/evan-matteson/.arduino15/packages/arduino/tools/arm-none-eabi-gcc/7-2017q4/bin/../lib/gcc/arm-none-eabi/7.2.1/thumb/v6-m/libgcc.a
LOAD /home/evan-matteson/.arduino15/packages/arduino/tools/arm-none-eabi-gcc/7-2017q4/bin/../lib/gcc/arm-none-eabi/7.2.1/../../../../arm-none-eabi/lib/thumb/v6-m/libc_nano.a
LOAD /home/evan-matteson/.arduino15/packages/arduino/tools/arm-none-eabi-gcc/7-2017q4/bin/../lib/gcc/arm-none-eabi/7.2.1/../../../../arm-none-eabi/lib/thumb/v6-m/libnosys.a
END GROUP
LOAD /home/evan-matteson/.arduino15/packages/arduino/tools/arm-none-eabi-gcc/7-2017q4/bin/../lib/gcc/arm-none-eabi/7.2.1/thumb/v6-m/crtend.o
LOAD /home/evan-matteson/.arduino15/packages/arduino/tools/arm-none-eabi-gcc/7-2017q4/bin/../lib/gcc/arm-none-eabi/7.2.1/thumb/v6-m/crtn.o
                0x0000000000000000                . = ORIGIN (FLASH)

.vectors        0x0000000000000000       0x40
 *(.isr_vector)
 .isr_vector    0x0000000000000000       0x40 build/board_startup.o
                0x0000000000000000                exception_table

.text           0x0000000000000040     0x1c24
 *(.text*)
 .text          0x0000000000000040       0x48 /home/evan-matteson/.arduino15/packages/arduino/tools/arm-none-eabi-gcc/7-2017q4/bin/../lib/gcc/arm-none-eabi/7.2.1/thumb/v6-m/crtbegin.o
 .text.LED_pulse
                0x0000000000000088       0x84 build/board_driver_led.o
                0x0000000000000088                LED_pulse
 .text.uart_basic_init
                0x000000000000010c       0x58 build/board_driver_serial.o
                0x000000000000010c                uart_basic_init
 .text.uart_write_byte
                0x0000000000000164        0xc build/board_driver_serial.o
                0x0000000000000164                uart_write_byte
 .text.uart_read_byte
                0x0000000000000170       0x28 build/board_driver_serial.o
                0x0000000000000170                uart_read_byte
 .text.USB_IsConfigured
                0x0000000000000198       0x90 build/board_driver_usb.o
                0x0000000000000198                USB_IsConfigured
 .text.USB_Open
                0x0000000000000228       0x1c build/board_driver_usb.o
                0x0000000000000228                USB_Open
 .text.USB_Init
                0x0000000000000244      0x10c build/board_driver_usb.o
                0x0000000000000244                USB_Init
 .text.USB_Write
                0x0000000000000350       0xa4 build/board_driver_usb.o
                0x0000000000000350                USB_Write
 .text.USB_Read
                0x00000000000003f4       0x88 build/board_driver_usb.o
                0x00000000000003f4                USB_Read
 .text.USB_SendStall
                0x000000000000047c       0x20 build/board_driver_usb.o
                0x000000000000047c                USB_SendStall
 .text.USB_SendZlp
                0x000000000000049c       0x30 build/board_driver_usb.o
                0x000000000000049c                USB_SendZlp
 .text.USB_SetAddress
                0x00000000000004cc        0xc build/board_driver_usb.o
                0x00000000000004cc                USB_SetAddress
 .text.USB_Configure
                0x00000000000004d8       0x68 build/board_driver_usb.o
                0x00000000000004d8                USB_Configure
 .text.gclk_sync
                0x0000000000000540       0x10 build/board_init.o
 .text.dfll_sync
                0x0000000000000550       0x10 build/board_init.o
 .text.board_init
                0x0000000000000560       0xe0 build/board_init.o
                0x0000000000000560                board_init
 .text.NMI_Handler
                0x0000000000000640        0x4 build/board_startup.o
                0x0000000000000640                NMI_Handler
 .text.HardFault_Handler
                0x0000000000000644        0x4 build/board_startup.o
                0x0000000000000644                HardFault_Handler
 .text.SVC_Handler
                0x0000000000000648        0x4 build/board_startup.o
                0x0000000000000648                SVC_Handler
 .text.PendSV_Handler
                0x000000000000064c        0x4 build/board_startup.o
                0x000000000000064c                PendSV_Handler
 .text.Reset_Handler
                0x0000000000000650       0x74 build/board_startup.o
                0x0000000000000650                Reset_Handler
 .text.main     0x00000000000006c4      0x118 build/main.o
                0x00000000000006c4                main
 .text.SysTick_Handler
                0x00000000000007dc        0xc build/main.o
                0x00000000000007dc                SysTick_Handler
 .text.usb_init
                0x00000000000007e8       0x20 build/sam_ba_usb.o
                0x00000000000007e8                usb_init
 .text.USB_SendString
                0x0000000000000808       0x5c build/sam_ba_usb.o
                0x0000000000000808                USB_SendString
 .text.sam_ba_usb_CDC_Enumerate
                0x0000000000000864      0x474 build/sam_ba_usb.o
                0x0000000000000864                sam_ba_usb_CDC_Enumerate
 .text.cdc_putc
                0x0000000000000cd8       0x20 build/sam_ba_cdc.o
                0x0000000000000cd8                cdc_putc
 .text.cdc_getc
                0x0000000000000cf8       0x20 build/sam_ba_cdc.o
                0x0000000000000cf8                cdc_getc
 .text.cdc_is_rx_ready
                0x0000000000000d18       0x24 build/sam_ba_cdc.o
                0x0000000000000d18                cdc_is_rx_ready
 .text.cdc_write_buf
                0x0000000000000d3c       0x1c build/sam_ba_cdc.o
                0x0000000000000d3c                cdc_write_buf
 .text.cdc_read_buf
                0x0000000000000d58       0x2c build/sam_ba_cdc.o
                0x0000000000000d58                cdc_read_buf
 .text.cdc_read_buf_xmd
                0x0000000000000d84       0x38 build/sam_ba_cdc.o
                0x0000000000000d84                cdc_read_buf_xmd
 .text.sam_ba_putdata
                0x0000000000000dbc       0x18 build/sam_ba_monitor.o
 .text.eraseFlash
                0x0000000000000dd4       0x48 build/sam_ba_monitor.o
 .text.sam_ba_monitor_init
                0x0000000000000e1c       0x30 build/sam_ba_monitor.o
                0x0000000000000e1c                sam_ba_monitor_init
 .text.sam_ba_putdata_term
                0x0000000000000e4c       0x94 build/sam_ba_monitor.o
                0x0000000000000e4c                sam_ba_putdata_term
 .text.call_applet
                0x0000000000000ee0       0x2c build/sam_ba_monitor.o
                0x0000000000000ee0                call_applet
 .text.sam_ba_monitor_sys_tick
                0x0000000000000f0c       0x34 build/sam_ba_monitor.o
                0x0000000000000f0c                sam_ba_monitor_sys_tick
 .text.sam_ba_monitor_run
                0x0000000000000f40      0x5c8 build/sam_ba_monitor.o
                0x0000000000000f40                sam_ba_monitor_run
 .text.serial_open
                0x0000000000001508       0xac build/sam_ba_serial.o
                0x0000000000001508                serial_open
 .text.serial_putc
                0x00000000000015b4       0x14 build/sam_ba_serial.o
                0x00000000000015b4                serial_putc
 .text.serial_is_rx_ready
                0x00000000000015c8       0x10 build/sam_ba_serial.o
                0x00000000000015c8                serial_is_rx_ready
 .text.serial_getc
                0x00000000000015d8       0x18 build/sam_ba_serial.o
                0x00000000000015d8                serial_getc
 .text.serial_sharp_received
                0x00000000000015f0       0x1c build/sam_ba_serial.o
                0x00000000000015f0                serial_sharp_received
 .text.serial_putdata
                0x000000000000160c       0x1a build/sam_ba_serial.o
                0x000000000000160c                serial_putdata
 .text.serial_getdata
                0x0000000000001626        0xe build/sam_ba_serial.o
                0x0000000000001626                serial_getdata
 .text.serial_add_crc
                0x0000000000001634       0x18 build/sam_ba_serial.o
                0x0000000000001634                serial_add_crc
 .text.serial_putdata_xmd
                0x000000000000164c      0x150 build/sam_ba_serial.o
                0x000000000000164c                serial_putdata_xmd
 .text.getbytes
                0x000000000000179c       0x88 build/sam_ba_serial.o
 .text.serial_getdata_xmd
                0x0000000000001824      0x110 build/sam_ba_serial.o
                0x0000000000001824                serial_getdata_xmd
 .text.memcpy   0x0000000000001934       0x12 /home/evan-matteson/.arduino15/packages/arduino/tools/arm-none-eabi-gcc/7-2017q4/bin/../lib/gcc/arm-none-eabi/7.2.1/../../../../arm-none-eabi/lib/thumb/v6-m/libc_nano.a(lib_a-memcpy-stub.o)
                0x0000000000001934                memcpy
 .text.memset   0x0000000000001946       0x10 /home/evan-matteson/.arduino15/packages/arduino/tools/arm-none-eabi-gcc/7-2017q4/bin/../lib/gcc/arm-none-eabi/7.2.1/../../../../arm-none-eabi/lib/thumb/v6-m/libc_nano.a(lib_a-memset.o)
                0x0000000000001946                memset
 .text          0x0000000000001956        0xe /home/evan-matteson/.arduino15/packages/arduino/tools/arm-none-eabi-gcc/7-2017q4/bin/../lib/gcc/arm-none-eabi/7.2.1/../../../../arm-none-eabi/lib/thumb/v6-m/libc_nano.a(lib_a-strlen.o)
                0x0000000000001956                strlen
 *(.init)
 .init          0x0000000000001964        0x4 /home/evan-matteson/.arduino15/packages/arduino/tools/arm-none-eabi-gcc/7-2017q4/bin/../lib/gcc/arm-none-eabi/7.2.1/thumb/v6-m/crti.o
                0x0000000000001964                _init
 .init          0x0000000000001968        0x8 /home/evan-matteson/.arduino15/packages/arduino/tools/arm-none-eabi-gcc/7-2017q4/bin/../lib/gcc/arm-none-eabi/7.2.1/thumb/v6-m/crtn.o
 *(.fini)
 .fini          0x0000000000001970        0x4 /home/evan-matteson/.arduino15/packages/arduino/tools/arm-none-eabi-gcc/7-2017q4/bin/../lib/gcc/arm-none-eabi/7.2.1/thumb/v6-m/crti.o
                0x0000000000001970                _fini
 .fini          0x0000000000001974        0x8 /home/evan-matteson/.arduino15/packages/arduino/tools/arm-none-eabi-gcc/7-2017q4/bin/../lib/gcc/arm-none-eabi/7.2.1/thumb/v6-m/crtn.o
 *crtbegin.o(.ctors)
 *crtbegin?.o(.ctors)
 *(EXCLUDE_FILE(*crtend.o *crtend?.o) .ctors)
 *(SORT_BY_NAME(.ctors.*))
 *(.ctors)
 *crtbegin.o(.dtors)
 *crtbegin?.o(.dtors)
 *(EXCLUDE_FILE(*crtend.o *crtend?.o) .dtors)
 *(SORT_BY_NAME(.dtors.*))
 *(.dtors)
 *(.rodata*)
 .rodata        0x000000000000197c        0x4 build/sam_ba_usb.o
 .rodata.devDescriptor
                0x0000000000001980       0x12 build/sam_ba_usb.o
 *fill*         0x0000000000001992        0x2 
 .rodata.sam_ba_usb_CDC_Enumerate.str1.4
                0x0000000000001994       0x25 build/sam_ba_usb.o
 *fill*         0x00000000000019b9        0x3 
 .rodata        0x00000000000019bc       0x20 build/sam_ba_monitor.o
 .rodata.RomBOOT_ExtendedCapabilities
                0x00000000000019dc        0xf build/sam_ba_monitor.o
                0x00000000000019dc                RomBOOT_ExtendedCapabilities
 *fill*         0x00000000000019eb        0x1 
 .rodata.RomBOOT_Version
                0x00000000000019ec        0x4 build/sam_ba_monitor.o
                0x00000000000019ec                RomBOOT_Version
 .rodata.sam_ba_monitor_run.str1.4
                0x00000000000019f0       0x38 build/sam_ba_monitor.o
                                         0x36 (size before relaxing)
 .rodata.uart_if
                0x0000000000001a28       0x1c build/sam_ba_monitor.o
                0x0000000000001a28                uart_if
 .rodata.usbcdc_if
                0x0000000000001a44       0x1c build/sam_ba_monitor.o
                0x0000000000001a44                usbcdc_if
 .rodata.crc16Table
                0x0000000000001a60      0x200 build/sam_ba_serial.o
 *(.eh_frame*)
 .eh_frame      0x0000000000001c60        0x0 /home/evan-matteson/.arduino15/packages/arduino/tools/arm-none-eabi-gcc/7-2017q4/bin/../lib/gcc/arm-none-eabi/7.2.1/thumb/v6-m/crtbegin.o
 .eh_frame      0x0000000000001c60        0x4 /home/evan-matteson/.arduino15/packages/arduino/tools/arm-none-eabi-gcc/7-2017q4/bin/../lib/gcc/arm-none-eabi/7.2.1/thumb/v6-m/crtend.o

.glue_7         0x0000000000001c64        0x0
 .glue_7        0x0000000000001c64        0x0 linker stubs

.glue_7t        0x0000000000001c64        0x0
 .glue_7t       0x0000000000001c64        0x0 linker stubs

.vfp11_veneer   0x0000000000001c64        0x0
 .vfp11_veneer  0x0000000000001c64        0x0 linker stubs

.v4_bx          0x0000000000001c64        0x0
 .v4_bx         0x0000000000001c64        0x0 linker stubs

.iplt           0x0000000000001c64        0x0
 .iplt          0x0000000000001c64        0x0 /home/evan-matteson/.arduino15/packages/arduino/tools/arm-none-eabi-gcc/7-2017q4/bin/../lib/gcc/arm-none-eabi/7.2.1/thumb/v6-m/crtbegin.o

.rel.dyn        0x0000000000001c64        0x0
 .rel.iplt      0x0000000000001c64        0x0 /home/evan-matteson/.arduino15/packages/arduino/tools/arm-none-eabi-gcc/7-2017q4/bin/../lib/gcc/arm-none-eabi/7.2.1/thumb/v6-m/crtbegin.o

.ARM.extab
 *(.ARM.extab* .gnu.linkonce.armextab.*)
                0x0000000000001c64                __exidx_start = .

.ARM.exidx
 *(.ARM.exidx* .gnu.linkonce.armexidx.*)
                0x0000000000001c64                __exidx_end = .
                0x0000000000001c64                __etext = .
                0x0000000000002000                PROVIDE (__sketch_vectors_ptr, (ORIGIN (FLASH) + LENGTH (FLASH)))

.data           0x0000000020000000       0x58 load address 0x0000000000001c64
                0x0000000020000000                __data_start__ = .
 *(vtable)
 *(.data*)
 .data.ledDirection
                0x0000000020000000        0x1 build/board_driver_led.o
                0x0000000020000000                ledDirection
 .data.ledTargetValue
                0x0000000020000001        0x1 build/board_driver_led.o
                0x0000000020000001                ledTargetValue
 *fill*         0x0000000020000002        0x2 
 .data.cfgDescriptor
                0x0000000020000004       0x43 build/sam_ba_usb.o
 *fill*         0x0000000020000047        0x1 
 .data.line_coding
                0x0000000020000048        0x8 build/sam_ba_cdc.o
                0x0000000020000048                line_coding
                0x0000000020000050                . = ALIGN (0x4)
                0x0000000020000050                PROVIDE (__preinit_array_start, .)
 *(.preinit_array)
                0x0000000020000050                PROVIDE (__preinit_array_end, .)
                0x0000000020000050                . = ALIGN (0x4)
                0x0000000020000050                PROVIDE (__init_array_start, .)
 *(SORT_BY_NAME(.init_array.*))
 *(.init_array)
 .init_array    0x0000000020000050        0x4 /home/evan-matteson/.arduino15/packages/arduino/tools/arm-none-eabi-gcc/7-2017q4/bin/../lib/gcc/arm-none-eabi/7.2.1/thumb/v6-m/crtbegin.o
                0x0000000020000054                PROVIDE (__init_array_end, .)
                0x0000000020000054                . = ALIGN (0x4)
                [!provide]                        PROVIDE (__fini_array_start, .)
 *(SORT_BY_NAME(.fini_array.*))
 *(.fini_array)
 .fini_array    0x0000000020000054        0x4 /home/evan-matteson/.arduino15/packages/arduino/tools/arm-none-eabi-gcc/7-2017q4/bin/../lib/gcc/arm-none-eabi/7.2.1/thumb/v6-m/crtbegin.o
                [!provide]                        PROVIDE (__fini_array_end, .)
 *(.jcr*)
                0x0000000020000058                . = ALIGN (0x4)
                0x0000000020000058                __data_end__ = .

.igot.plt       0x0000000020000058        0x0 load address 0x0000000000001cbc
 .igot.plt      0x0000000020000058        0x0 /home/evan-matteson/.arduino15/packages/arduino/tools/arm-none-eabi-gcc/7-2017q4/bin/../lib/gcc/arm-none-eabi/7.2.1/thumb/v6-m/crtbegin.o

.bss            0x0000000020000058      0x350 load address 0x0000000000001cbc
                0x0000000020000058                . = ALIGN (0x4)
                0x0000000020000058                __bss_start__ = .
 *(.bss*)
 .bss           0x0000000020000058       0x1c /home/evan-matteson/.arduino15/packages/arduino/tools/arm-none-eabi-gcc/7-2017q4/bin/../lib/gcc/arm-none-eabi/7.2.1/thumb/v6-m/crtbegin.o
 .bss.ledKeepValue
                0x0000000020000074        0x1 build/board_driver_led.o
                0x0000000020000074                ledKeepValue
 .bss.uart_drv_error_flag
                0x0000000020000075        0x1 build/board_driver_serial.o
                0x0000000020000075                uart_drv_error_flag
 .bss.read_job  0x0000000020000076        0x1 build/board_driver_usb.o
 .bss.main_b_cdc_enable
                0x0000000020000077        0x1 build/main.o
 .bss.bRequest.10450
                0x0000000020000078        0x1 build/sam_ba_usb.o
 .bss.bmRequestType.10449
                0x0000000020000079        0x1 build/sam_ba_usb.o
 .bss.dir.10451
                0x000000002000007a        0x1 build/sam_ba_usb.o
 *fill*         0x000000002000007b        0x1 
 .bss.wIndex.10453
                0x000000002000007c        0x2 build/sam_ba_usb.o
 .bss.wLength.10454
                0x000000002000007e        0x2 build/sam_ba_usb.o
 .bss.wStatus.10455
                0x0000000020000080        0x2 build/sam_ba_usb.o
 .bss.wValue.10452
                0x0000000020000082        0x2 build/sam_ba_usb.o
 .bss.b_sam_ba_interface_usart
                0x0000000020000084        0x1 build/sam_ba_monitor.o
                0x0000000020000084                b_sam_ba_interface_usart
 .bss.b_security_enabled
                0x0000000020000085        0x1 build/sam_ba_monitor.o
                0x0000000020000085                b_security_enabled
 .bss.b_terminal_mode
                0x0000000020000086        0x1 build/sam_ba_monitor.o
                0x0000000020000086                b_terminal_mode
 *fill*         0x0000000020000087        0x1 
 .bss.erased_from
                0x0000000020000088        0x4 build/sam_ba_monitor.o
                0x0000000020000088                erased_from
 .bss.rxLEDPulse
                0x000000002000008c        0x2 build/sam_ba_monitor.o
                0x000000002000008c                rxLEDPulse
 *fill*         0x000000002000008e        0x2 
 .bss.src_buff_addr.11922
                0x0000000020000090        0x4 build/sam_ba_monitor.o
 .bss.txLEDPulse
                0x0000000020000094        0x2 build/sam_ba_monitor.o
                0x0000000020000094                txLEDPulse
 *(COMMON)
 *fill*         0x0000000020000096        0x2 
 COMMON         0x0000000020000098      0x180 build/board_driver_usb.o
                0x0000000020000098                udd_ep_out_cache_buffer
                0x0000000020000118                udd_ep_in_cache_buffer
                0x0000000020000198                usb_endpoint_table
 COMMON         0x0000000020000218        0x4 build/main.o
                0x0000000020000218                pulSketch_Start_Address
 COMMON         0x000000002000021c        0xc build/sam_ba_usb.o
                0x000000002000021c                sam_ba_cdc
 COMMON         0x0000000020000228       0x74 build/sam_ba_monitor.o
                0x0000000020000228                j
                0x000000002000022c                length
                0x0000000020000230                ptr
                0x0000000020000234                command
                0x0000000020000238                MAX_FLASH
                0x000000002000023c                PAGES
                0x0000000020000240                i
                0x0000000020000244                PAGE_SIZE
                0x0000000020000248                data
                0x0000000020000288                ptr_data
                0x000000002000028c                ptr_monitor_if
                0x0000000020000290                sp
                0x0000000020000294                current_number
                0x0000000020000298                u32tmp
 COMMON         0x000000002000029c      0x10c build/sam_ba_serial.o
                0x000000002000029c                b_sharp_received
                0x000000002000029d                idx_rx_write
                0x000000002000029e                size_of_data
                0x00000000200002a0                idx_tx_read
                0x00000000200002a4                buffer_tx_usart
                0x0000000020000324                error_timeout
                0x0000000020000325                mode_of_transfer
                0x0000000020000326                idx_rx_read
                0x0000000020000327                idx_tx_write
                0x0000000020000328                buffer_rx_usart
                0x00000000200003a8                . = ALIGN (0x4)
                0x00000000200003a8                __bss_end__ = .

.heap           0x00000000200003a8        0x0
                0x00000000200003a8                __end__ = .
                [!provide]                        PROVIDE (end, .)
 *(.heap*)
                0x00000000200003a8                __HeapLimit = .

.stack_dummy    0x00000000200003a8        0x0
 *(.stack*)
                0x0000000020007c00                __StackTop = (ORIGIN (RAM) + LENGTH (RAM))
                0x0000000020007c00                __StackLimit = (__StackTop - SIZEOF (.stack_dummy))
                0x0000000020007c00                PROVIDE (__stack, __StackTop)
                0x0000000020007bff                __ram_end__ = ((ORIGIN (RAM) + LENGTH (RAM)) - 0x1)
                0x0000000000000001                ASSERT ((__StackLimit >= __HeapLimit), region RAM overflowed with stack)
OUTPUT(build/samd21_sam_ba_bigcontroller.elf elf32-littlearm)

.ARM.attributes
                0x0000000000000000       0x28
 .ARM.attributes
                0x0000000000000000       0x1e /home/evan-matteson/.arduino15/packages/arduino/tools/arm-none-eabi-gcc/7-2017q4/bin/../lib/gcc/arm-none-eabi/7.2.1/thumb/v6-m/crti.o
 .ARM.attributes
                0x000000000000001e       0x2c /home/evan-matteson/.arduino15/packages/arduino/tools/arm-none-eabi-gcc/7-2017q4/bin/../lib/gcc/arm-none-eabi/7.2.1/thumb/v6-m/crtbegin.o
 .ARM.attributes
                0x000000000000004a       0x32 build/board_driver_led.o
 .ARM.attributes
                0x000000000000007c       0x32 build/board_driver_serial.o
 .ARM.attributes
                0x00000000000000ae       0x32 build/board_driver_usb.o
 .ARM.attributes
                0x00000000000000e0       0x32 build/board_init.o
 .ARM.attributes
                0x0000000000000112       0x32 build/board_startup.o
 .ARM.attributes
                0x0000000000000144       0x32 build/main.o
 .ARM.attributes
                0x0000000000000176       0x32 build/sam_ba_usb.o
 .ARM.attributes
                0x00000000000001a8       0x32 build/sam_ba_cdc.o
 .ARM.attributes
                0x00000000000001da       0x32 build/sam_ba_monitor.o
 .ARM.attributes
                0x000000000000020c       0x32 build/sam_ba_serial.o
 .ARM.attributes
                0x000000000000023e       0x2c /home/evan-matteson/.arduino15/packages/arduino/tools/arm-none-eabi-gcc/7-2017q4/bin/../lib/gcc/arm-none-eabi/7.2.1/../../../../arm-none-eabi/lib/thumb/v6-m/libc_nano.a(lib_a-memcpy-stub.o)
 .ARM.attributes
                0x000000000000026a       0x2c /home/evan-matteson/.arduino15/packages/arduino/tools/arm-none-eabi-gcc/7-2017q4/bin/../lib/gcc/arm-none-eabi/7.2.1/../../../../arm-none-eabi/lib/thumb/v6-m/libc_nano.a(lib_a-memset.o)
 .ARM.attributes
                0x0000000000000296       0x1c /home/evan-matteson/.arduino15/packages/arduino/tools/arm-none-eabi-gcc/7-2017q4/bin/../lib/gcc/arm-none-eabi/7.2.1/../../../../arm-none-eabi/lib/thumb/v6-m/libc_nano.a(lib_a-strlen.o)
 .ARM.attributes
                0x00000000000002b2       0x2c /home/evan-matteson/.arduino15/packages/arduino/tools/arm-none-eabi-gcc/7-2017q4/bin/../lib/gcc/arm-none-eabi/7.2.1/thumb/v6-m/crtend.o
 .ARM.attributes
                0x00000000000002de       0x1e /home/evan-matteson/.arduino15/packages/arduino/tools/arm-none-eabi-gcc/7-2017q4/bin/../lib/gcc/arm-none-eabi/7.2.1/thumb/v6-m/crtn.o

.comment        0x0000000000000000       0x7e
 .comment       0x0000000000000000       0x7e build/board_driver_led.o
                                         0x7f (size before relaxing)
 .comment       0x000000000000007e       0x7f build/board_driver_serial.o
 .comment       0x000000000000007e       0x7f build/board_driver_usb.o
 .comment       0x000000000000007e       0x7f build/board_init.o
 .comment       0x000000000000007e       0x7f build/board_startup.o
 .comment       0x000000000000007e       0x7f build/main.o
 .comment       0x000000000000007e       0x7f build/sam_ba_usb.o
 .comment       0x000000000000007e       0x7f build/sam_ba_cdc.o
 .comment       0x000000000000007e       0x7f build/sam_ba_monitor.o
 .comment       0x000000000000007e       0x7f build/sam_ba_serial.o

.debug_info     0x0000000000000000    0x18497
 .debug_info    0x0000000000000000      0x718 build/board_driver_led.o
 .debug_info    0x0000000000000718     0x25ef build/board_driver_serial.o
 .debug_info    0x0000000000002d07     0x3c0e build/board_driver_usb.o
 .debug_info    0x0000000000006915     0x1a9c build/board_init.o
 .debug_info    0x00000000000083b1      0x246 build/board_startup.o
 .debug_info    0x00000000000085f7     0x3982 build/main.o
 .debug_info    0x000000000000bf79     0x2dd6 build/sam_ba_usb.o
 .debug_info    0x000000000000ed4f     0x22c0 build/sam_ba_cdc.o
 .debug_info    0x000000000001100f     0x3836 build/sam_ba_monitor.o
 .debug_info    0x0000000000014845     0x3c52 build/sam_ba_serial.o

.debug_abbrev   0x0000000000000000     0x1da7
 .debug_abbrev  0x0000000000000000      0x179 build/board_driver_led.o
 .debug_abbrev  0x0000000000000179      0x29a build/board_driver_serial.o
 .debug_abbrev  0x0000000000000413      0x32f build/board_driver_usb.o
 .debug_abbrev  0x0000000000000742      0x22c build/board_init.o
 .debug_abbrev  0x000000000000096e       0xfb build/board_startup.o
 .debug_abbrev  0x0000000000000a69      0x403 build/main.o
 .debug_abbrev  0x0000000000000e6c      0x322 build/sam_ba_usb.o
 .debug_abbrev  0x000000000000118e      0x23f build/sam_ba_cdc.o
 .debug_abbrev  0x00000000000013cd      0x54c build/sam_ba_monitor.o
 .debug_abbrev  0x0000000000001919      0x48e build/sam_ba_serial.o

.debug_aranges  0x0000000000000000      0x2b0
 .debug_aranges
                0x0000000000000000       0x20 build/board_driver_led.o
 .debug_aranges
                0x0000000000000020       0x48 build/board_driver_serial.o
 .debug_aranges
                0x0000000000000068       0x68 build/board_driver_usb.o
 .debug_aranges
                0x00000000000000d0       0x30 build/board_init.o
 .debug_aranges
                0x0000000000000100       0x40 build/board_startup.o
 .debug_aranges
                0x0000000000000140       0x28 build/main.o
 .debug_aranges
                0x0000000000000168       0x30 build/sam_ba_usb.o
 .debug_aranges
                0x0000000000000198       0x48 build/sam_ba_cdc.o
 .debug_aranges
                0x00000000000001e0       0x50 build/sam_ba_monitor.o
 .debug_aranges
                0x0000000000000230       0x80 build/sam_ba_serial.o

.debug_ranges   0x0000000000000000      0x2e8
 .debug_ranges  0x0000000000000000       0x10 build/board_driver_led.o
 .debug_ranges  0x0000000000000010       0x38 build/board_driver_serial.o
 .debug_ranges  0x0000000000000048       0x58 build/board_driver_usb.o
 .debug_ranges  0x00000000000000a0       0x20 build/board_init.o
 .debug_ranges  0x00000000000000c0       0x30 build/board_startup.o
 .debug_ranges  0x00000000000000f0       0x30 build/main.o
 .debug_ranges  0x0000000000000120       0x20 build/sam_ba_usb.o
 .debug_ranges  0x0000000000000140       0x38 build/sam_ba_cdc.o
 .debug_ranges  0x0000000000000178       0xc8 build/sam_ba_monitor.o
 .debug_ranges  0x0000000000000240       0xa8 build/sam_ba_serial.o

.debug_macro    0x0000000000000000     0x3214
 .debug_macro   0x0000000000000000      0x320 build/board_driver_led.o
 .debug_macro   0x0000000000000320      0x484 build/board_driver_serial.o
 .debug_macro   0x00000000000007a4       0x52 build/board_driver_serial.o
 .debug_macro   0x00000000000007f6       0x8d build/board_driver_serial.o
 .debug_macro   0x0000000000000883       0x16 build/board_driver_serial.o
 .debug_macro   0x0000000000000899       0x57 build/board_driver_serial.o
 .debug_macro   0x00000000000008f0       0x97 build/board_driver_serial.o
 .debug_macro   0x0000000000000987       0xf6 build/board_driver_serial.o
 .debug_macro   0x0000000000000a7d       0x10 build/board_driver_serial.o
 .debug_macro   0x0000000000000a8d       0x10 build/board_driver_serial.o
 .debug_macro   0x0000000000000a9d       0x1c build/board_driver_serial.o
 .debug_macro   0x0000000000000ab9       0x52 build/board_driver_serial.o
 .debug_macro   0x0000000000000b0b       0x40 build/board_driver_serial.o
 .debug_macro   0x0000000000000b4b       0x10 build/board_driver_serial.o
 .debug_macro   0x0000000000000b5b       0x40 build/board_driver_serial.o
 .debug_macro   0x0000000000000b9b       0xd7 build/board_driver_serial.o
 .debug_macro   0x0000000000000c72       0x1c build/board_driver_serial.o
 .debug_macro   0x0000000000000c8e       0x3d build/board_driver_serial.o
 .debug_macro   0x0000000000000ccb       0x16 build/board_driver_serial.o
 .debug_macro   0x0000000000000ce1      0x16f build/board_driver_serial.o
 .debug_macro   0x0000000000000e50      0x40d build/board_driver_usb.o
 .debug_macro   0x000000000000125d       0x40 build/board_driver_usb.o
 .debug_macro   0x000000000000129d       0xee build/board_driver_usb.o
 .debug_macro   0x000000000000138b       0x16 build/board_driver_usb.o
 .debug_macro   0x00000000000013a1      0x33d build/board_init.o
 .debug_macro   0x00000000000016de      0x303 build/board_startup.o
 .debug_macro   0x00000000000019e1      0x51a build/main.o
 .debug_macro   0x0000000000001efb       0x1c build/main.o
 .debug_macro   0x0000000000001f17       0x46 build/main.o
 .debug_macro   0x0000000000001f5d       0xf4 build/main.o
 .debug_macro   0x0000000000002051       0x1c build/main.o
 .debug_macro   0x000000000000206d      0x409 build/sam_ba_usb.o
 .debug_macro   0x0000000000002476      0x334 build/sam_ba_cdc.o
 .debug_macro   0x00000000000027aa      0x55a build/sam_ba_monitor.o
 .debug_macro   0x0000000000002d04       0x1c build/sam_ba_monitor.o
 .debug_macro   0x0000000000002d20       0x16 build/sam_ba_monitor.o
 .debug_macro   0x0000000000002d36       0x16 build/sam_ba_monitor.o
 .debug_macro   0x0000000000002d4c       0x29 build/sam_ba_monitor.o
 .debug_macro   0x0000000000002d75      0x49f build/sam_ba_serial.o

.debug_line     0x0000000000000000     0x5f1c
 .debug_line    0x0000000000000000      0x800 build/board_driver_led.o
 .debug_line    0x0000000000000800      0x9d8 build/board_driver_serial.o
 .debug_line    0x00000000000011d8      0x9e1 build/board_driver_usb.o
 .debug_line    0x0000000000001bb9      0x848 build/board_init.o
 .debug_line    0x0000000000002401      0x7fa build/board_startup.o
 .debug_line    0x0000000000002bfb      0xa16 build/main.o
 .debug_line    0x0000000000003611      0x9d9 build/sam_ba_usb.o
 .debug_line    0x0000000000003fea      0x83a build/sam_ba_cdc.o
 .debug_line    0x0000000000004824      0xc03 build/sam_ba_monitor.o
 .debug_line    0x0000000000005427      0xaf5 build/sam_ba_serial.o

.debug_str      0x0000000000000000    0x72866
 .debug_str     0x0000000000000000    0x6b525 build/board_driver_led.o
                                      0x6b895 (size before relaxing)
 .debug_str     0x000000000006b525     0x49e0 build/board_driver_serial.o
                                      0x701e3 (size before relaxing)
 .debug_str     0x000000000006ff05     0x11fd build/board_driver_usb.o
                                      0x6f913 (size before relaxing)
 .debug_str     0x0000000000071102      0x808 build/board_init.o
                                      0x6c06b (size before relaxing)
 .debug_str     0x000000000007190a      0x178 build/board_startup.o
                                      0x6b51a (size before relaxing)
 .debug_str     0x0000000000071a82      0x733 build/main.o
                                      0x71465 (size before relaxing)
 .debug_str     0x00000000000721b5       0xfb build/sam_ba_usb.o
                                      0x6f763 (size before relaxing)
 .debug_str     0x00000000000722b0       0x87 build/sam_ba_cdc.o
                                      0x6c2ea (size before relaxing)
 .debug_str     0x0000000000072337      0x359 build/sam_ba_monitor.o
                                      0x711f3 (size before relaxing)
 .debug_str     0x0000000000072690      0x1d6 build/sam_ba_serial.o
                                      0x708a0 (size before relaxing)

.debug_frame    0x0000000000000000      0x640
 .debug_frame   0x0000000000000000       0x20 build/board_driver_led.o
 .debug_frame   0x0000000000000020       0x8c build/board_driver_serial.o
 .debug_frame   0x00000000000000ac      0x100 build/board_driver_usb.o
 .debug_frame   0x00000000000001ac       0x4c build/board_init.o
 .debug_frame   0x00000000000001f8       0x68 build/board_startup.o
 .debug_frame   0x0000000000000260       0x4c build/main.o
 .debug_frame   0x00000000000002ac       0x68 build/sam_ba_usb.o
 .debug_frame   0x0000000000000314       0xb4 build/sam_ba_cdc.o
 .debug_frame   0x00000000000003c8       0xd0 build/sam_ba_monitor.o
 .debug_frame   0x0000000000000498      0x160 build/sam_ba_serial.o
 .debug_frame   0x00000000000005f8       0x28 /home/evan-matteson/.arduino15/packages/arduino/tools/arm-none-eabi-gcc/7-2017q4/bin/../lib/gcc/arm-none-eabi/7.2.1/../../../../arm-none-eabi/lib/thumb/v6-m/libc_nano.a(lib_a-memcpy-stub.o)
 .debug_frame   0x0000000000000620       0x20 /home/evan-matteson/.arduino15/packages/arduino/tools/arm-none-eabi-gcc/7-2017q4/bin/../lib/gcc/arm-none-eabi/7.2.1/../../../../arm-none-eabi/lib/thumb/v6-m/libc_nano.a(lib_a-memset.o)

.debug_loc      0x0000000000000000     0x15fd
 .debug_loc     0x0000000000000000      0x126 build/board_driver_serial.o
 .debug_loc     0x0000000000000126      0x362 build/board_driver_usb.o
 .debug_loc     0x0000000000000488       0x3f build/board_init.o
 .debug_loc     0x00000000000004c7       0x20 build/board_startup.o
 .debug_loc     0x00000000000004e7       0xe2 build/main.o
 .debug_loc     0x00000000000005c9      0x151 build/sam_ba_usb.o
 .debug_loc     0x000000000000071a      0x1ae build/sam_ba_cdc.o
 .debug_loc     0x00000000000008c8      0x5aa build/sam_ba_monitor.o
 .debug_loc     0x0000000000000e72      0x78b build/sam_ba_serial.o

Cross Reference Table

Symbol                                            File
HardFault_Handler                                 build/board_startup.o
LED_pulse                                         build/board_driver_led.o
                                                  build/main.o
MAX_FLASH                                         build/sam_ba_monitor.o
NMI_Handler                                       build/board_startup.o
PAGES                                             build/sam_ba_monitor.o
PAGE_SIZE                                         build/sam_ba_monitor.o
PendSV_Handler                                    build/board_startup.o
Reset_Handler                                     build/board_startup.o
RomBOOT_ExtendedCapabilities                      build/sam_ba_monitor.o
RomBOOT_Version                                   build/sam_ba_monitor.o
SVC_Handler                                       build/board_startup.o
SysTick_Handler                                   build/main.o
                                                  build/board_startup.o
USB_Configure                                     build/board_driver_usb.o
                                                  build/sam_ba_usb.o
USB_Init                                          build/board_driver_usb.o
                                                  build/sam_ba_usb.o
USB_IsConfigured                                  build/board_driver_usb.o
                                                  build/sam_ba_cdc.o
USB_Open                                          build/board_driver_usb.o
                                                  build/sam_ba_usb.o
USB_Read                                          build/board_driver_usb.o
                                                  build/sam_ba_cdc.o
USB_Read_blocking                                 build/board_driver_usb.o
USB_SendStall                                     build/board_driver_usb.o
                                                  build/sam_ba_usb.o
USB_SendString                                    build/sam_ba_usb.o
USB_SendZlp                                       build/board_driver_usb.o
                                                  build/sam_ba_usb.o
USB_SetAddress                                    build/board_driver_usb.o
                                                  build/sam_ba_usb.o
USB_Write                                         build/board_driver_usb.o
                                                  build/sam_ba_cdc.o
                                                  build/sam_ba_usb.o
__StackTop                                        build/board_startup.o
__bss_end__                                       build/board_startup.o
                                                  /home/evan-matteson/.arduino15/packages/arduino/tools/arm-none-eabi-gcc/7-2017q4/bin/../lib/gcc/arm-none-eabi/7.2.1/../../../../arm-none-eabi/lib/thumb/v6-m/crt0.o
__bss_start__                                     build/board_startup.o
                                                  /home/evan-matteson/.arduino15/packages/arduino/tools/arm-none-eabi-gcc/7-2017q4/bin/../lib/gcc/arm-none-eabi/7.2.1/../../../../arm-none-eabi/lib/thumb/v6-m/crt0.o
__call_exitprocs                                  /home/evan-matteson/.arduino15/packages/arduino/tools/arm-none-eabi-gcc/7-2017q4/bin/../lib/gcc/arm-none-eabi/7.2.1/../../../../arm-none-eabi/lib/thumb/v6-m/libc_nano.a(lib_a-exit.o)
__data_end__                                      build/board_startup.o
__data_start__                                    build/board_startup.o
__deregister_frame_info                           /home/evan-matteson/.arduino15/packages/arduino/tools/arm-none-eabi-gcc/7-2017q4/bin/../lib/gcc/arm-none-eabi/7.2.1/thumb/v6-m/crtbegin.o
__dso_handle                                      /home/evan-matteson/.arduino15/packages/arduino/tools/arm-none-eabi-gcc/7-2017q4/bin/../lib/gcc/arm-none-eabi/7.2.1/thumb/v6-m/crtbegin.o
__etext                                           build/board_startup.o
__init_array_end                                  /home/evan-matteson/.arduino15/packages/arduino/tools/arm-none-eabi-gcc/7-2017q4/bin/../lib/gcc/arm-none-eabi/7.2.1/../../../../arm-none-eabi/lib/thumb/v6-m/libc_nano.a(lib_a-init.o)
__init_array_start                                /home/evan-matteson/.arduino15/packages/arduino/tools/arm-none-eabi-gcc/7-2017q4/bin/../lib/gcc/arm-none-eabi/7.2.1/../../../../arm-none-eabi/lib/thumb/v6-m/libc_nano.a(lib_a-init.o)
__libc_fini_array                                 /home/evan-matteson/.arduino15/packages/arduino/tools/arm-none-eabi-gcc/7-2017q4/bin/../lib/gcc/arm-none-eabi/7.2.1/../../../../arm-none-eabi/lib/thumb/v6-m/crt0.o
__libc_init_array                                 /home/evan-matteson/.arduino15/packages/arduino/tools/arm-none-eabi-gcc/7-2017q4/bin/../lib/gcc/arm-none-eabi/7.2.1/../../../../arm-none-eabi/lib/thumb/v6-m/libc_nano.a(lib_a-init.o)
                                                  /home/evan-matteson/.arduino15/packages/arduino/tools/arm-none-eabi-gcc/7-2017q4/bin/../lib/gcc/arm-none-eabi/7.2.1/../../../../arm-none-eabi/lib/thumb/v6-m/crt0.o
__preinit_array_end                               /home/evan-matteson/.arduino15/packages/arduino/tools/arm-none-eabi-gcc/7-2017q4/bin/../lib/gcc/arm-none-eabi/7.2.1/../../../../arm-none-eabi/lib/thumb/v6-m/libc_nano.a(lib_a-init.o)
__preinit_array_start                             /home/evan-matteson/.arduino15/packages/arduino/tools/arm-none-eabi-gcc/7-2017q4/bin/../lib/gcc/arm-none-eabi/7.2.1/../../../../arm-none-eabi/lib/thumb/v6-m/libc_nano.a(lib_a-init.o)
__register_frame_info                             /home/evan-matteson/.arduino15/packages/arduino/tools/arm-none-eabi-gcc/7-2017q4/bin/../lib/gcc/arm-none-eabi/7.2.1/thumb/v6-m/crtbegin.o
__sf_fake_stderr                                  /home/evan-matteson/.arduino15/packages/arduino/tools/arm-none-eabi-gcc/7-2017q4/bin/../lib/gcc/arm-none-eabi/7.2.1/../../../../arm-none-eabi/lib/thumb/v6-m/libc_nano.a(lib_a-impure.o)
__sf_fake_stdin                                   /home/evan-matteson/.arduino15/packages/arduino/tools/arm-none-eabi-gcc/7-2017q4/bin/../lib/gcc/arm-none-eabi/7.2.1/../../../../arm-none-eabi/lib/thumb/v6-m/libc_nano.a(lib_a-impure.o)
__sf_fake_stdout                                  /home/evan-matteson/.arduino15/packages/arduino/tools/arm-none-eabi-gcc/7-2017q4/bin/../lib/gcc/arm-none-eabi/7.2.1/../../../../arm-none-eabi/lib/thumb/v6-m/libc_nano.a(lib_a-impure.o)
__sketch_vectors_ptr                              build/main.o
__stack                                           /home/evan-matteson/.arduino15/packages/arduino/tools/arm-none-eabi-gcc/7-2017q4/bin/../lib/gcc/arm-none-eabi/7.2.1/../../../../arm-none-eabi/lib/thumb/v6-m/crt0.o
_exit                                             /home/evan-matteson/.arduino15/packages/arduino/tools/arm-none-eabi-gcc/7-2017q4/bin/../lib/gcc/arm-none-eabi/7.2.1/../../../../arm-none-eabi/lib/thumb/v6-m/libnosys.a(_exit.o)
                                                  /home/evan-matteson/.arduino15/packages/arduino/tools/arm-none-eabi-gcc/7-2017q4/bin/../lib/gcc/arm-none-eabi/7.2.1/../../../../arm-none-eabi/lib/thumb/v6-m/libc_nano.a(lib_a-exit.o)
_fini                                             /home/evan-matteson/.arduino15/packages/arduino/tools/arm-none-eabi-gcc/7-2017q4/bin/../lib/gcc/arm-none-eabi/7.2.1/thumb/v6-m/crti.o
_global_impure_ptr                                /home/evan-matteson/.arduino15/packages/arduino/tools/arm-none-eabi-gcc/7-2017q4/bin/../lib/gcc/arm-none-eabi/7.2.1/../../../../arm-none-eabi/lib/thumb/v6-m/libc_nano.a(lib_a-impure.o)
                                                  /home/evan-matteson/.arduino15/packages/arduino/tools/arm-none-eabi-gcc/7-2017q4/bin/../lib/gcc/arm-none-eabi/7.2.1/../../../../arm-none-eabi/lib/thumb/v6-m/libc_nano.a(lib_a-exit.o)
_impure_ptr                                       /home/evan-matteson/.arduino15/packages/arduino/tools/arm-none-eabi-gcc/7-2017q4/bin/../lib/gcc/arm-none-eabi/7.2.1/../../../../arm-none-eabi/lib/thumb/v6-m/libc_nano.a(lib_a-impure.o)
_init                                             /home/evan-matteson/.arduino15/packages/arduino/tools/arm-none-eabi-gcc/7-2017q4/bin/../lib/gcc/arm-none-eabi/7.2.1/thumb/v6-m/crti.o
                                                  /home/evan-matteson/.arduino15/packages/arduino/tools/arm-none-eabi-gcc/7-2017q4/bin/../lib/gcc/arm-none-eabi/7.2.1/../../../../arm-none-eabi/lib/thumb/v6-m/libc_nano.a(lib_a-init.o)
_mainCRTStartup                                   /home/evan-matteson/.arduino15/packages/arduino/tools/arm-none-eabi-gcc/7-2017q4/bin/../lib/gcc/arm-none-eabi/7.2.1/../../../../arm-none-eabi/lib/thumb/v6-m/crt0.o
_start                                            /home/evan-matteson/.arduino15/packages/arduino/tools/arm-none-eabi-gcc/7-2017q4/bin/../lib/gcc/arm-none-eabi/7.2.1/../../../../arm-none-eabi/lib/thumb/v6-m/crt0.o
atexit                                            /home/evan-matteson/.arduino15/packages/arduino/tools/arm-none-eabi-gcc/7-2017q4/bin/../lib/gcc/arm-none-eabi/7.2.1/../../../../arm-none-eabi/lib/thumb/v6-m/crt0.o
b_sam_ba_interface_usart                          build/sam_ba_monitor.o
b_security_enabled                                build/sam_ba_monitor.o
b_sharp_received                                  build/sam_ba_serial.o
b_terminal_mode                                   build/sam_ba_monitor.o
board_init                                        build/board_init.o
                                                  build/main.o
buffer_rx_usart                                   build/sam_ba_serial.o
buffer_tx_usart                                   build/sam_ba_serial.o
call_applet                                       build/sam_ba_monitor.o
cdc_getc                                          build/sam_ba_cdc.o
                                                  build/sam_ba_monitor.o
cdc_is_rx_ready                                   build/sam_ba_cdc.o
                                                  build/sam_ba_monitor.o
cdc_putc                                          build/sam_ba_cdc.o
                                                  build/sam_ba_monitor.o
cdc_read_buf                                      build/sam_ba_cdc.o
                                                  build/sam_ba_monitor.o
cdc_read_buf_xmd                                  build/sam_ba_cdc.o
                                                  build/sam_ba_monitor.o
cdc_write_buf                                     build/sam_ba_cdc.o
                                                  build/sam_ba_monitor.o
command                                           build/sam_ba_monitor.o
current_number                                    build/sam_ba_monitor.o
data                                              build/sam_ba_monitor.o
erased_from                                       build/sam_ba_monitor.o
error_timeout                                     build/sam_ba_serial.o
exception_table                                   build/board_startup.o
exit                                              /home/evan-matteson/.arduino15/packages/arduino/tools/arm-none-eabi-gcc/7-2017q4/bin/../lib/gcc/arm-none-eabi/7.2.1/../../../../arm-none-eabi/lib/thumb/v6-m/libc_nano.a(lib_a-exit.o)
                                                  /home/evan-matteson/.arduino15/packages/arduino/tools/arm-none-eabi-gcc/7-2017q4/bin/../lib/gcc/arm-none-eabi/7.2.1/../../../../arm-none-eabi/lib/thumb/v6-m/crt0.o
g_interrupt_enabled                               build/board_init.o
hardware_init_hook                                /home/evan-matteson/.arduino15/packages/arduino/tools/arm-none-eabi-gcc/7-2017q4/bin/../lib/gcc/arm-none-eabi/7.2.1/../../../../arm-none-eabi/lib/thumb/v6-m/crt0.o
i                                                 build/sam_ba_monitor.o
idx_rx_read                                       build/sam_ba_serial.o
idx_rx_write                                      build/sam_ba_serial.o
idx_tx_read                                       build/sam_ba_serial.o
idx_tx_write                                      build/sam_ba_serial.o
j                                                 build/sam_ba_monitor.o
ledDirection                                      build/board_driver_led.o
ledKeepValue                                      build/board_driver_led.o
ledTargetValue                                    build/board_driver_led.o
length                                            build/sam_ba_monitor.o
line_coding                                       build/sam_ba_cdc.o
                                                  build/sam_ba_usb.o
main                                              build/main.o
                                                  build/board_startup.o
                                                  /home/evan-matteson/.arduino15/packages/arduino/tools/arm-none-eabi-gcc/7-2017q4/bin/../lib/gcc/arm-none-eabi/7.2.1/../../../../arm-none-eabi/lib/thumb/v6-m/crt0.o
memcpy                                            /home/evan-matteson/.arduino15/packages/arduino/tools/arm-none-eabi-gcc/7-2017q4/bin/../lib/gcc/arm-none-eabi/7.2.1/../../../../arm-none-eabi/lib/thumb/v6-m/libc_nano.a(lib_a-memcpy-stub.o)
                                                  build/sam_ba_monitor.o
                                                  build/board_driver_usb.o
memset                                            /home/evan-matteson/.arduino15/packages/arduino/tools/arm-none-eabi-gcc/7-2017q4/bin/../lib/gcc/arm-none-eabi/7.2.1/../../../../arm-none-eabi/lib/thumb/v6-m/libc_nano.a(lib_a-memset.o)
                                                  build/board_driver_usb.o
                                                  /home/evan-matteson/.arduino15/packages/arduino/tools/arm-none-eabi-gcc/7-2017q4/bin/../lib/gcc/arm-none-eabi/7.2.1/../../../../arm-none-eabi/lib/thumb/v6-m/crt0.o
mode_of_transfer                                  build/sam_ba_serial.o
ptr                                               build/sam_ba_monitor.o
ptr_data                                          build/sam_ba_monitor.o
ptr_monitor_if                                    build/sam_ba_monitor.o
pulSketch_Start_Address                           build/main.o
rxLEDPulse                                        build/sam_ba_monitor.o
sam_ba_cdc                                        build/sam_ba_usb.o
                                                  build/sam_ba_cdc.o
sam_ba_monitor_init                               build/sam_ba_monitor.o
                                                  build/main.o
sam_ba_monitor_run                                build/sam_ba_monitor.o
                                                  build/main.o
sam_ba_monitor_sys_tick                           build/sam_ba_monitor.o
                                                  build/main.o
sam_ba_putdata_term                               build/sam_ba_monitor.o
sam_ba_usb_CDC_Enumerate                          build/sam_ba_usb.o
                                                  build/board_driver_usb.o
serial_add_crc                                    build/sam_ba_serial.o
                                                  build/sam_ba_monitor.o
serial_close                                      build/sam_ba_serial.o
serial_getc                                       build/sam_ba_serial.o
                                                  build/sam_ba_monitor.o
serial_getdata                                    build/sam_ba_serial.o
                                                  build/sam_ba_monitor.o
serial_getdata_xmd                                build/sam_ba_serial.o
                                                  build/sam_ba_monitor.o
serial_is_rx_ready                                build/sam_ba_serial.o
                                                  build/sam_ba_monitor.o
serial_open                                       build/sam_ba_serial.o
                                                  build/main.o
serial_putc                                       build/sam_ba_serial.o
                                                  build/sam_ba_monitor.o
serial_putdata                                    build/sam_ba_serial.o
                                                  build/sam_ba_monitor.o
serial_putdata_xmd                                build/sam_ba_serial.o
                                                  build/sam_ba_monitor.o
serial_readc                                      build/sam_ba_serial.o
serial_sharp_received                             build/sam_ba_serial.o
                                                  build/main.o
size_of_data                                      build/sam_ba_serial.o
software_init_hook                                /home/evan-matteson/.arduino15/packages/arduino/tools/arm-none-eabi-gcc/7-2017q4/bin/../lib/gcc/arm-none-eabi/7.2.1/../../../../arm-none-eabi/lib/thumb/v6-m/crt0.o
sp                                                build/sam_ba_monitor.o
strlen                                            /home/evan-matteson/.arduino15/packages/arduino/tools/arm-none-eabi-gcc/7-2017q4/bin/../lib/gcc/arm-none-eabi/7.2.1/../../../../arm-none-eabi/lib/thumb/v6-m/libc_nano.a(lib_a-strlen.o)
                                                  build/sam_ba_usb.o
txLEDPulse                                        build/sam_ba_monitor.o
u32tmp                                            build/sam_ba_monitor.o
uart_basic_init                                   build/board_driver_serial.o
                                                  build/sam_ba_serial.o
uart_disable                                      build/board_driver_serial.o
                                                  build/sam_ba_serial.o
uart_drv_error_flag                               build/board_driver_serial.o
uart_if                                           build/sam_ba_monitor.o
uart_read_buffer_polled                           build/board_driver_serial.o
uart_read_byte                                    build/board_driver_serial.o
                                                  build/sam_ba_serial.o
uart_write_buffer_polled                          build/board_driver_serial.o
uart_write_byte                                   build/board_driver_serial.o
                                                  build/sam_ba_serial.o
udd_ep_in_cache_buffer                            build/board_driver_usb.o
udd_ep_out_cache_buffer                           build/board_driver_usb.o
                                                  build/sam_ba_usb.o
usb_endpoint_table                                build/board_driver_usb.o
usb_init                                          build/sam_ba_usb.o
                                                  build/main.o
usbcdc_if                                         build/sam_ba_monitor.o
